>>> say_my_name = __import__('3-say_my_name').say_my_name
>>> say_my_name("Carla")
My name is Carla
>>> say_my_name("Carla", "Ciar")
My name is Carla Ciar
>>> say_my_name("John", 3)
Traceback (most recent call last):
    ...
TypeError: last_name must be a string
>>> say_my_name(123, "Doe")
Traceback (most recent call last):
    ...
TypeError: first_name must be a string
